// Jest Snapshot v1, https://goo.gl/fbAQLP

exports[`DueDate Single Popup component DueDate Single Popup snapshot test should render correctly 1`] = `null`;

exports[`DueDate Single Popup component Function delayHidePopover snapshot test should execute and render correctly 1`] = `null`;

exports[`DueDate Single Popup component Function hideCalendar snapshot test should execute and render correctly 1`] = `null`;

exports[`DueDate Single Popup component Function hidePopover snapshot test should execute and render correctly 1`] = `null`;

exports[`DueDate Single Popup component Function showCalendar snapshot test should execute and render correctly 1`] = `null`;

exports[`DueDate Single Popup component Function updateState snapshot test should execute and render correctly 1`] = `null`;

exports[`DueDate Single Popup component Function updateState snapshot test should execute and render correctly 2`] = `null`;
