// Jest Snapshot v1, https://goo.gl/fbAQLP

exports[`LoadingData component Function updateState snapshot test should execute and render correctly 1`] = `null`;

exports[`LoadingData component Function updateState snapshot test should execute and render correctly 2`] = `null`;

exports[`LoadingData component LoadingData snapshot test should render correctly 1`] = `null`;
