// Jest Snapshot v1, https://goo.gl/fbAQLP

exports[`ProjectMembersHeader component ProjectMembersHeader snapshot test should render correctly 1`] = `
<View
  style={
    Object {
      "alignItems": "flex-end",
      "flexDirection": "row",
      "height": 72,
      "paddingBottom": 12,
      "paddingTop": 32,
    }
  }
>
  <Text
    style={
      Array [
        Object {
          "color": "#04142F",
          "fontFamily": "Roboto-Medium",
          "fontSize": 20,
          "lineHeight": 28,
        },
        Object {
          "color": "#04142F",
        },
      ]
    }
  >
    Team members
  </Text>
  <View
    style={
      Object {
        "height": 22,
        "justifyContent": "center",
        "marginLeft": 16,
      }
    }
  >
    <Text
      style={
        Array [
          Object {
            "color": "#04142F",
            "fontFamily": "Roboto-Regular",
            "fontSize": 12,
            "letterSpacing": 0.48,
            "lineHeight": 20,
          },
          Object {
            "color": "#4E5D78",
          },
        ]
      }
    >
      No members yet
    </Text>
  </View>
</View>
`;
