// Jest Snapshot v1, https://goo.gl/fbAQLP

exports[`FollowersPics component FollowersPics snapshot test should render correctly 1`] = `
<View
  accessible={true}
  focusable={true}
  isTVSelectable={true}
  onClick={[Function]}
  onResponderGrant={[Function]}
  onResponderMove={[Function]}
  onResponderRelease={[Function]}
  onResponderTerminate={[Function]}
  onResponderTerminationRequest={[Function]}
  onStartShouldSetResponder={[Function]}
  style={
    Object {
      "alignItems": "center",
      "flexDirection": "row",
      "opacity": 1,
      "paddingHorizontal": 16,
      "paddingVertical": 8,
    }
  }
>
  <Image
    source={
      Object {
        "uri": undefined,
      }
    }
    style={
      Object {
        "backgroundColor": "transparent",
        "height": 32,
        "marginRight": 4,
        "width": 32,
      }
    }
  />
</View>
`;
