// Jest Snapshot v1, https://goo.gl/fbAQLP

exports[`UserSettings component UserSettings snapshot test should render correctly 1`] = `
<View
  style={
    Object {
      "flex": 1,
      "paddingTop": 32,
    }
  }
>
  <View
    style={
      Object {
        "flexDirection": "row",
        "height": 96,
        "justifyContent": "center",
      }
    }
  >
    <View
      style={
        Object {
          "height": 96,
          "maxWidth": 96,
          "minWidth": 96,
          "width": 96,
        }
      }
    >
      <Image
        style={
          Object {
            "backgroundColor": "#8A94A6",
            "borderRadius": 200,
            "height": 96,
            "width": 96,
          }
        }
      />
    </View>
    <View
      style={
        Object {
          "flex": 1,
          "height": 96,
          "justifyContent": "center",
          "marginLeft": 24,
        }
      }
    >
      <Text
        numberOfLines={1}
        style={
          Array [
            Object {
              "color": "#04142F",
              "fontFamily": "Roboto-Medium",
              "fontSize": 20,
              "lineHeight": 28,
            },
            Object {
              "marginBottom": 4,
            },
          ]
        }
      />
      <Text
        numberOfLines={1}
        style={
          Array [
            Object {
              "fontFamily": "Roboto-Medium",
              "fontSize": 16,
              "letterSpacing": 0.16,
              "lineHeight": 24,
            },
            Object {
              "color": "#4E5D78",
              "marginBottom": 4,
            },
          ]
        }
      />
      <View
        style={
          Object {
            "alignItems": "center",
            "flexDirection": "row",
            "marginBottom": 4,
          }
        }
      >
        <View>
          <Text
            style={
              Object {
                "color": "#8A94A6",
                "fontFamily": "alldone",
                "fontSize": 17,
                "opacity": 1,
              }
            }
          >
            
          </Text>
        </View>
        <Text
          style={
            Object {
              "color": "#4E5D78",
              "marginLeft": 5,
            }
          }
        >
          Level 
        </Text>
      </View>
      <Text
        numberOfLines={1}
        style={
          Array [
            Object {
              "color": "#04142F",
              "fontFamily": "Roboto-Regular",
              "fontSize": 12,
              "letterSpacing": 0.48,
              "lineHeight": 20,
            },
            Object {
              "color": "#8A94A6",
            },
          ]
        }
      >
        Last login 22.04.2019, 06:20:30
      </Text>
    </View>
  </View>
  <View
    style={
      Array [
        Object {
          "flexDirection": "row",
          "marginTop": 32,
        },
        undefined,
      ]
    }
  >
    <View
      style={
        Object {
          "flex": 1,
          "marginRight": 72,
        }
      }
    >
      <View
        style={
          Object {
            "alignItems": "center",
            "flexDirection": "row",
            "height": 56,
            "justifyContent": "space-between",
          }
        }
      >
        <View
          style={
            Array [
              Object {
                "alignItems": "center",
                "flexDirection": "row",
              },
              Object {
                "flex": 1,
                "justifyContent": "flex-start",
              },
              Object {
                "marginRight": 8,
              },
            ]
          }
        >
          <Image
            style={
              Object {
                "backgroundColor": "#8A94A6",
                "borderRadius": 50,
                "height": 24,
                "marginLeft": 8,
                "marginRight": 8,
                "width": 24,
              }
            }
          />
          <Text
            numberOfLines={1}
            style={
              Array [
                Object {
                  "color": "#04142F",
                  "fontFamily": "Roboto-Medium",
                  "fontSize": 14,
                  "letterSpacing": 0.16,
                  "lineHeight": 22,
                },
                Object {
                  "color": "#8A94A6",
                },
              ]
            }
          >
            Logged in as undefined
          </Text>
        </View>
        <View
          style={
            Array [
              Object {
                "alignItems": "center",
                "flexDirection": "row",
              },
              Object {
                "justifyContent": "flex-end",
              },
            ]
          }
        >
          <View
            accessible={true}
            focusable={true}
            isTVSelectable={true}
            onClick={[Function]}
            onResponderGrant={[Function]}
            onResponderMove={[Function]}
            onResponderRelease={[Function]}
            onResponderTerminate={[Function]}
            onResponderTerminationRequest={[Function]}
            onStartShouldSetResponder={[Function]}
            style={
              Object {
                "alignItems": "center",
                "alignSelf": "flex-start",
                "backgroundColor": "transparent",
                "borderColor": "#C6CDD2",
                "borderRadius": 4,
                "borderStyle": "solid",
                "borderWidth": 1,
                "flexDirection": "row",
                "flexWrap": "nowrap",
                "height": 40,
                "justifyContent": "center",
                "maxHeight": 40,
                "minHeight": 40,
                "opacity": 1,
                "paddingHorizontal": 16,
                "paddingVertical": 8,
              }
            }
          >
            <View>
              <Text
                style={
                  Object {
                    "color": "#8A94A6",
                    "fontFamily": "alldone",
                    "fontSize": 24,
                    "opacity": 1,
                  }
                }
              >
                
              </Text>
            </View>
            <Text
              numberOfLines={1}
              style={
                Array [
                  Object {
                    "alignSelf": "center",
                    "color": "#FFFFFF",
                    "flexWrap": "nowrap",
                    "fontFamily": "Roboto-Medium",
                    "fontSize": 14,
                    "letterSpacing": 0.8,
                    "lineHeight": 16,
                    "margin": 0,
                    "paddingHorizontal": 8,
                    "paddingVertical": 0,
                  },
                  Object {
                    "color": "#8A94A6",
                  },
                  Object {},
                ]
              }
            >
              Logout
            </Text>
          </View>
        </View>
      </View>
      <View
        style={
          Object {
            "alignItems": "center",
            "flexDirection": "row",
            "height": 56,
            "justifyContent": "space-between",
          }
        }
      >
        <View
          style={
            Array [
              Object {
                "alignItems": "center",
                "flexDirection": "row",
              },
              Object {
                "flex": 1,
                "justifyContent": "flex-start",
              },
            ]
          }
        >
          <View
            style={
              Object {
                "marginHorizontal": 8,
              }
            }
          >
            <Text
              style={
                Object {
                  "color": "#8A94A6",
                  "fontFamily": "alldone",
                  "fontSize": 24,
                  "opacity": 1,
                }
              }
            >
              
            </Text>
          </View>
          <Text
            numberOfLines={1}
            style={
              Array [
                Object {
                  "color": "#04142F",
                  "fontFamily": "Roboto-Medium",
                  "fontSize": 14,
                  "letterSpacing": 0.16,
                  "lineHeight": 22,
                },
                Object {
                  "color": "#8A94A6",
                },
              ]
            }
          >
            Default company
          </Text>
        </View>
        <View
          style={
            Array [
              Object {
                "alignItems": "center",
                "flexDirection": "row",
              },
              Object {
                "justifyContent": "flex-end",
              },
            ]
          }
        >
          <Text
            numberOfLines={1}
            style={
              Array [
                Object {
                  "color": "#04142F",
                  "fontFamily": "Roboto-Regular",
                  "fontSize": 16,
                  "letterSpacing": 0.32,
                  "lineHeight": 24,
                },
                Object {
                  "marginRight": 8,
                },
              ]
            }
          />
          <View
            accessible={true}
            focusable={true}
            isTVSelectable={true}
            onClick={[Function]}
            onResponderGrant={[Function]}
            onResponderMove={[Function]}
            onResponderRelease={[Function]}
            onResponderTerminate={[Function]}
            onResponderTerminationRequest={[Function]}
            onStartShouldSetResponder={[Function]}
            style={
              Object {
                "alignItems": "center",
                "alignSelf": "flex-start",
                "backgroundColor": "transparent",
                "borderColor": "#C6CDD2",
                "borderRadius": 4,
                "borderStyle": "solid",
                "borderWidth": 1,
                "flexDirection": "row",
                "flexWrap": "nowrap",
                "height": 40,
                "justifyContent": "center",
                "maxHeight": 40,
                "minHeight": 40,
                "opacity": 1,
                "paddingHorizontal": 8,
                "paddingVertical": 8,
              }
            }
          >
            <View>
              <Text
                style={
                  Object {
                    "color": "#8A94A6",
                    "fontFamily": "alldone",
                    "fontSize": 24,
                    "opacity": 1,
                  }
                }
              >
                
              </Text>
            </View>
          </View>
        </View>
      </View>
      <View
        style={
          Object {
            "alignItems": "center",
            "flexDirection": "row",
            "height": 56,
            "justifyContent": "space-between",
          }
        }
      >
        <View
          style={
            Array [
              Object {
                "alignItems": "center",
                "flexDirection": "row",
              },
              Object {
                "flex": 1,
                "justifyContent": "flex-start",
              },
            ]
          }
        >
          <View
            style={
              Object {
                "marginHorizontal": 8,
              }
            }
          >
            <Text
              style={
                Object {
                  "color": "#8A94A6",
                  "fontFamily": "alldone",
                  "fontSize": 24,
                  "opacity": 1,
                }
              }
            >
              
            </Text>
          </View>
          <Text
            numberOfLines={1}
            style={
              Array [
                Object {
                  "color": "#04142F",
                  "fontFamily": "Roboto-Medium",
                  "fontSize": 14,
                  "letterSpacing": 0.16,
                  "lineHeight": 22,
                },
                Object {
                  "color": "#8A94A6",
                },
              ]
            }
          >
            User Timezone
          </Text>
        </View>
        <View
          style={
            Array [
              Object {
                "alignItems": "center",
                "flexDirection": "row",
              },
              Object {
                "justifyContent": "flex-end",
              },
            ]
          }
        >
          <Text
            style={
              Object {
                "color": "#04142F",
                "fontFamily": "Roboto-Regular",
                "fontSize": 16,
                "letterSpacing": 0.32,
                "lineHeight": 24,
              }
            }
          >
            -4h America/Havana
          </Text>
        </View>
      </View>
      <View
        style={
          Object {
            "alignItems": "center",
            "flexDirection": "row",
            "height": 56,
            "justifyContent": "space-between",
          }
        }
      >
        <View
          style={
            Array [
              Object {
                "alignItems": "center",
                "flexDirection": "row",
              },
              Object {
                "flex": 1,
                "justifyContent": "flex-start",
              },
            ]
          }
        >
          <View
            style={
              Object {
                "marginHorizontal": 8,
              }
            }
          >
            <Text
              style={
                Object {
                  "color": "#8A94A6",
                  "fontFamily": "alldone",
                  "fontSize": 24,
                  "opacity": 1,
                }
              }
            >
              
            </Text>
          </View>
          <Text
            numberOfLines={1}
            style={
              Array [
                Object {
                  "color": "#04142F",
                  "fontFamily": "Roboto-Medium",
                  "fontSize": 14,
                  "letterSpacing": 0.16,
                  "lineHeight": 22,
                },
                Object {
                  "color": "#8A94A6",
                },
              ]
            }
          >
            Global Karma Points
          </Text>
        </View>
        <View
          style={
            Array [
              Object {
                "alignItems": "center",
                "flexDirection": "row",
              },
              Object {
                "justifyContent": "flex-end",
              },
            ]
          }
        >
          <Text
            style={
              Object {
                "color": "#04142F",
                "fontFamily": "Roboto-Regular",
                "fontSize": 16,
                "letterSpacing": 0.32,
                "lineHeight": 24,
              }
            }
          />
        </View>
      </View>
    </View>
    <View
      style={
        Object {
          "flex": 1,
        }
      }
    >
      <View
        style={
          Object {
            "alignItems": "center",
            "flexDirection": "row",
            "height": 56,
            "justifyContent": "space-between",
          }
        }
      >
        <View
          style={
            Array [
              Object {
                "alignItems": "center",
                "flexDirection": "row",
              },
              Object {
                "flex": 1,
                "justifyContent": "flex-start",
              },
            ]
          }
        >
          <View
            style={
              Object {
                "marginHorizontal": 8,
              }
            }
          >
            <Text
              style={
                Object {
                  "color": "#8A94A6",
                  "fontFamily": "alldone",
                  "fontSize": 24,
                  "opacity": 1,
                }
              }
            >
              
            </Text>
          </View>
          <Text
            numberOfLines={1}
            style={
              Array [
                Object {
                  "color": "#04142F",
                  "fontFamily": "Roboto-Medium",
                  "fontSize": 14,
                  "letterSpacing": 0.16,
                  "lineHeight": 22,
                },
                Object {
                  "color": "#8A94A6",
                },
              ]
            }
          >
            Default role
          </Text>
        </View>
        <View
          style={
            Array [
              Object {
                "alignItems": "center",
                "flexDirection": "row",
              },
              Object {
                "justifyContent": "flex-end",
              },
            ]
          }
        >
          <Text
            numberOfLines={1}
            style={
              Array [
                Object {
                  "color": "#04142F",
                  "fontFamily": "Roboto-Regular",
                  "fontSize": 16,
                  "letterSpacing": 0.32,
                  "lineHeight": 24,
                },
                Object {
                  "marginRight": 8,
                },
              ]
            }
          />
          <View
            accessible={true}
            focusable={true}
            isTVSelectable={true}
            onClick={[Function]}
            onResponderGrant={[Function]}
            onResponderMove={[Function]}
            onResponderRelease={[Function]}
            onResponderTerminate={[Function]}
            onResponderTerminationRequest={[Function]}
            onStartShouldSetResponder={[Function]}
            style={
              Object {
                "alignItems": "center",
                "alignSelf": "flex-start",
                "backgroundColor": "transparent",
                "borderColor": "#C6CDD2",
                "borderRadius": 4,
                "borderStyle": "solid",
                "borderWidth": 1,
                "flexDirection": "row",
                "flexWrap": "nowrap",
                "height": 40,
                "justifyContent": "center",
                "maxHeight": 40,
                "minHeight": 40,
                "opacity": 1,
                "paddingHorizontal": 8,
                "paddingVertical": 8,
              }
            }
          >
            <View>
              <Text
                style={
                  Object {
                    "color": "#8A94A6",
                    "fontFamily": "alldone",
                    "fontSize": 24,
                    "opacity": 1,
                  }
                }
              >
                
              </Text>
            </View>
          </View>
        </View>
      </View>
      <View
        style={
          Object {
            "alignItems": "center",
            "flexDirection": "row",
            "height": 56,
            "justifyContent": "space-between",
          }
        }
      >
        <View
          style={
            Array [
              Object {
                "alignItems": "center",
                "flexDirection": "row",
              },
              Object {
                "flex": 1,
                "justifyContent": "flex-start",
              },
            ]
          }
        >
          <View
            style={
              Object {
                "marginHorizontal": 8,
              }
            }
          >
            <Text
              style={
                Object {
                  "color": "#8A94A6",
                  "fontFamily": "alldone",
                  "fontSize": 24,
                  "opacity": 1,
                }
              }
            >
              
            </Text>
          </View>
          <Text
            numberOfLines={1}
            style={
              Array [
                Object {
                  "color": "#04142F",
                  "fontFamily": "Roboto-Medium",
                  "fontSize": 14,
                  "letterSpacing": 0.16,
                  "lineHeight": 22,
                },
                Object {
                  "color": "#8A94A6",
                },
              ]
            }
          >
            Notification email
          </Text>
        </View>
        <View
          style={
            Array [
              Object {
                "alignItems": "center",
                "flexDirection": "row",
              },
              Object {
                "justifyContent": "flex-end",
              },
            ]
          }
        >
          <Text
            numberOfLines={1}
            style={
              Array [
                Object {
                  "color": "#04142F",
                  "fontFamily": "Roboto-Regular",
                  "fontSize": 16,
                  "letterSpacing": 0.32,
                  "lineHeight": 24,
                },
                Object {
                  "marginRight": 8,
                },
              ]
            }
          />
          <View
            accessible={true}
            focusable={true}
            isTVSelectable={true}
            onClick={[Function]}
            onResponderGrant={[Function]}
            onResponderMove={[Function]}
            onResponderRelease={[Function]}
            onResponderTerminate={[Function]}
            onResponderTerminationRequest={[Function]}
            onStartShouldSetResponder={[Function]}
            style={
              Object {
                "alignItems": "center",
                "alignSelf": "flex-start",
                "backgroundColor": "transparent",
                "borderColor": "#C6CDD2",
                "borderRadius": 4,
                "borderStyle": "solid",
                "borderWidth": 1,
                "flexDirection": "row",
                "flexWrap": "nowrap",
                "height": 40,
                "justifyContent": "center",
                "maxHeight": 40,
                "minHeight": 40,
                "opacity": 1,
                "paddingHorizontal": 8,
                "paddingVertical": 8,
              }
            }
          >
            <View>
              <Text
                style={
                  Object {
                    "color": "#8A94A6",
                    "fontFamily": "alldone",
                    "fontSize": 24,
                    "opacity": 1,
                  }
                }
              >
                
              </Text>
            </View>
          </View>
        </View>
      </View>
      <View
        style={
          Object {
            "alignItems": "center",
            "flexDirection": "row",
            "height": 56,
            "justifyContent": "space-between",
          }
        }
      >
        <View
          style={
            Array [
              Object {
                "alignItems": "center",
                "flexDirection": "row",
              },
              Object {
                "flex": 1,
                "justifyContent": "flex-start",
              },
            ]
          }
        >
          <View
            style={
              Object {
                "marginHorizontal": 8,
              }
            }
          >
            <Text
              style={
                Object {
                  "color": "#8A94A6",
                  "fontFamily": "alldone",
                  "fontSize": 24,
                  "opacity": 1,
                }
              }
            >
              
            </Text>
          </View>
          <Text
            numberOfLines={1}
            style={
              Array [
                Object {
                  "color": "#04142F",
                  "fontFamily": "Roboto-Medium",
                  "fontSize": 14,
                  "letterSpacing": 0.16,
                  "lineHeight": 22,
                },
                Object {
                  "color": "#8A94A6",
                },
              ]
            }
          >
            Notify me via email
          </Text>
        </View>
        <View
          style={
            Array [
              Object {
                "alignItems": "center",
                "flexDirection": "row",
              },
              Object {
                "justifyContent": "flex-end",
              },
            ]
          }
        >
          <View
            accessible={true}
            focusable={true}
            isTVSelectable={true}
            onClick={[Function]}
            onResponderGrant={[Function]}
            onResponderMove={[Function]}
            onResponderRelease={[Function]}
            onResponderTerminate={[Function]}
            onResponderTerminationRequest={[Function]}
            onStartShouldSetResponder={[Function]}
            style={
              Object {
                "flexDirection": "row",
                "opacity": 1,
              }
            }
          >
            <Text
              style={
                Object {
                  "color": "#4E5D78",
                  "fontFamily": "Roboto-Regular",
                  "fontSize": 16,
                  "letterSpacing": 0.32,
                  "lineHeight": 24,
                }
              }
            >
              No
            </Text>
            <View
              style={
                Array [
                  Object {
                    "borderRadius": 16,
                    "height": 24,
                    "marginLeft": 12,
                    "overflow": "hidden",
                    "padding": 2,
                    "width": 42,
                  },
                  Object {
                    "backgroundColor": "#E7ECEF",
                  },
                ]
              }
            >
              <View
                style={
                  Object {
                    "marginLeft": 0,
                  }
                }
              >
                <View
                  style={
                    Object {
                      "backgroundColor": "#FFFFFF",
                      "borderRadius": 100,
                      "elevation": 1,
                      "height": 20,
                      "shadowColor": "#8A94A6",
                      "shadowOffset": Object {
                        "height": 0,
                        "width": 0,
                      },
                      "shadowOpacity": 0.5,
                      "shadowRadius": 4,
                      "width": 20,
                    }
                  }
                />
              </View>
            </View>
          </View>
        </View>
      </View>
      <View
        style={
          Object {
            "alignItems": "center",
            "flexDirection": "row",
            "height": 56,
            "justifyContent": "space-between",
          }
        }
      >
        <View
          style={
            Array [
              Object {
                "alignItems": "center",
                "flexDirection": "row",
              },
              Object {
                "flex": 1,
                "justifyContent": "flex-start",
              },
            ]
          }
        >
          <View
            style={
              Object {
                "marginHorizontal": 8,
              }
            }
          >
            <Text
              style={
                Object {
                  "color": "#8A94A6",
                  "fontFamily": "alldone",
                  "fontSize": 24,
                  "opacity": 1,
                }
              }
            >
              
            </Text>
          </View>
          <Text
            numberOfLines={1}
            style={
              Array [
                Object {
                  "color": "#04142F",
                  "fontFamily": "Roboto-Medium",
                  "fontSize": 14,
                  "letterSpacing": 0.16,
                  "lineHeight": 22,
                },
                Object {
                  "color": "#8A94A6",
                },
              ]
            }
          >
            Server Time (UTC)
          </Text>
        </View>
        <View
          style={
            Array [
              Object {
                "alignItems": "center",
                "flexDirection": "row",
              },
              Object {
                "justifyContent": "flex-end",
              },
            ]
          }
        >
          <Text
            style={
              Object {
                "color": "#04142F",
                "fontFamily": "Roboto-Regular",
                "fontSize": 16,
                "letterSpacing": 0.32,
                "lineHeight": 24,
              }
            }
          >
            22.04.2019, 10:20:30
          </Text>
        </View>
      </View>
      <View
        style={
          Object {
            "alignItems": "center",
            "flexDirection": "row",
            "height": 56,
            "justifyContent": "space-between",
          }
        }
      >
        <View
          style={
            Array [
              Object {
                "alignItems": "center",
                "flexDirection": "row",
              },
              Object {
                "flex": 1,
                "justifyContent": "flex-start",
              },
            ]
          }
        >
          <View
            style={
              Object {
                "marginHorizontal": 8,
              }
            }
          >
            <Text
              style={
                Object {
                  "color": "#8A94A6",
                  "fontFamily": "alldone",
                  "fontSize": 24,
                  "opacity": 1,
                }
              }
            >
              
            </Text>
          </View>
          <Text
            numberOfLines={1}
            style={
              Array [
                Object {
                  "color": "#04142F",
                  "fontFamily": "Roboto-Medium",
                  "fontSize": 14,
                  "letterSpacing": 0.16,
                  "lineHeight": 22,
                },
                Object {
                  "color": "#8A94A6",
                },
              ]
            }
          >
            XP and Level up
          </Text>
        </View>
        <View
          style={
            Array [
              Object {
                "alignItems": "center",
                "flexDirection": "row",
              },
              Object {
                "justifyContent": "flex-end",
              },
            ]
          }
        >
          <Text
            style={
              Object {
                "color": "#04142F",
                "fontFamily": "Roboto-Regular",
                "fontSize": 16,
                "letterSpacing": 0.32,
                "lineHeight": 24,
              }
            }
          >
            <View
              style={
                Object {
                  "backgroundColor": "#F1F3F4",
                  "borderRadius": 16,
                  "zIndex": -3,
                }
              }
            >
              <View
                style={
                  Object {
                    "alignItems": "center",
                    "flexDirection": "row",
                    "height": 24,
                    "paddingHorizontal": 12,
                    "width": 226,
                  }
                }
              >
                <View>
                  <Text
                    style={
                      Array [
                        Object {
                          "color": "#04142F",
                          "fontFamily": "Roboto-Regular",
                          "fontSize": 14,
                          "letterSpacing": 0.32,
                          "lineHeight": 22,
                        },
                        Object {
                          "alignSelf": "flex-start",
                          "color": "#0070E0",
                        },
                      ]
                    }
                  >
                    /
                    NaN
                  </Text>
                </View>
                <View
                  style={
                    Object {
                      "alignItems": "flex-end",
                      "flex": 1,
                      "flexDirection": "row",
                      "justifyContent": "flex-end",
                    }
                  }
                >
                  <View>
                    <Text
                      style={
                        Object {
                          "color": "#091540",
                          "fontFamily": "alldone",
                          "fontSize": 15,
                          "opacity": 1,
                        }
                      }
                    >
                      
                    </Text>
                  </View>
                  <Text
                    style={
                      Array [
                        Object {
                          "color": "#04142F",
                          "fontFamily": "Roboto-Medium",
                          "fontSize": 14,
                          "letterSpacing": 0.16,
                          "lineHeight": 22,
                        },
                        Object {
                          "alignSelf": "center",
                          "color": "#04142F",
                          "marginLeft": 5,
                        },
                      ]
                    }
                  >
                    Level 
                  </Text>
                </View>
              </View>
              <View
                style={
                  Array [
                    Object {
                      "backgroundColor": "#D6EBFF",
                      "borderRadius": 16,
                      "height": 24,
                      "position": "absolute",
                      "zIndex": -1,
                    },
                    Object {
                      "width": "NaN%",
                    },
                  ]
                }
              />
            </View>
          </Text>
        </View>
      </View>
      <View
        style={
          Object {
            "flexDirection": "row",
            "justifyContent": "flex-end",
            "marginBottom": 32,
            "marginTop": 32,
          }
        }
      >
        <View
          accessible={false}
          focusable={true}
          isTVSelectable={true}
          onClick={[Function]}
          onResponderGrant={[Function]}
          onResponderMove={[Function]}
          onResponderRelease={[Function]}
          onResponderTerminate={[Function]}
          onResponderTerminationRequest={[Function]}
          onStartShouldSetResponder={[Function]}
          style={
            Object {
              "alignItems": "center",
              "alignSelf": "flex-start",
              "backgroundColor": "transparent",
              "borderColor": "#E00000",
              "borderRadius": 4,
              "borderStyle": "solid",
              "borderWidth": 2,
              "flexDirection": "row",
              "flexWrap": "nowrap",
              "height": 40,
              "justifyContent": "center",
              "maxHeight": 40,
              "minHeight": 40,
              "opacity": 1,
              "paddingHorizontal": 16,
              "paddingVertical": 8,
            }
          }
        >
          <View>
            <Text
              style={
                Object {
                  "color": "#E00000",
                  "fontFamily": "alldone",
                  "fontSize": 24,
                  "opacity": 1,
                }
              }
            >
              
            </Text>
          </View>
          <Text
            numberOfLines={1}
            style={
              Array [
                Object {
                  "alignSelf": "center",
                  "color": "#FFFFFF",
                  "flexWrap": "nowrap",
                  "fontFamily": "Roboto-Medium",
                  "fontSize": 14,
                  "letterSpacing": 0.8,
                  "lineHeight": 16,
                  "margin": 0,
                  "paddingHorizontal": 8,
                  "paddingVertical": 0,
                },
                Object {
                  "color": "#8A94A6",
                },
                Object {
                  "color": "#E00000",
                },
              ]
            }
          >
            Delete Account
          </Text>
        </View>
      </View>
    </View>
  </View>
</View>
`;
