// Jest Snapshot v1, https://goo.gl/fbAQLP

exports[`Header component Header snapshot test should render correctly 1`] = `
<View
  style={
    Object {
      "alignItems": "center",
      "flex": 1,
      "flexDirection": "row",
      "height": 72,
      "justifyContent": "space-between",
      "maxHeight": 72,
      "minHeight": 72,
      "paddingBottom": 16,
      "paddingHorizontal": 28,
      "paddingTop": 32,
    }
  }
>
  <View
    accessible={true}
    focusable={true}
    isTVSelectable={true}
    onClick={[Function]}
    onResponderGrant={[Function]}
    onResponderMove={[Function]}
    onResponderRelease={[Function]}
    onResponderTerminate={[Function]}
    onResponderTerminationRequest={[Function]}
    onStartShouldSetResponder={[Function]}
    style={
      Object {
        "alignItems": "center",
        "flexDirection": "row",
        "justifyContent": "flex-start",
        "opacity": 1,
      }
    }
  >
    <View>
      <Text
        style={
          Object {
            "color": "white",
            "fontFamily": "alldone",
            "fontSize": 24,
            "opacity": 1,
          }
        }
      >
        
      </Text>
    </View>
    <View
      style={
        Object {
          "marginLeft": 9,
        }
      }
    >
      <Text
        style={
          Object {
            "color": "white",
            "fontFamily": "alldone",
            "fontSize": 24,
            "opacity": 1,
          }
        }
      >
        
      </Text>
    </View>
  </View>
  <View
    accessible={true}
    focusable={true}
    isTVSelectable={true}
    onClick={[Function]}
    onResponderGrant={[Function]}
    onResponderMove={[Function]}
    onResponderRelease={[Function]}
    onResponderTerminate={[Function]}
    onResponderTerminationRequest={[Function]}
    onStartShouldSetResponder={[Function]}
    style={
      Object {
        "opacity": 1,
      }
    }
  >
    <View
      style={
        Object {
          "marginLeft": 9,
        }
      }
    >
      <Text
        style={
          Object {
            "color": "white",
            "fontFamily": "alldone",
            "fontSize": 24,
            "opacity": 1,
          }
        }
      >
        
      </Text>
    </View>
  </View>
</View>
`;
