// Jest Snapshot v1, https://goo.gl/fbAQLP

exports[`NavigationBarPicker component NavigationBarPicker snapshot test should render correctly 1`] = `
<View
  accessible={true}
  focusable={false}
  isTVSelectable={true}
  onClick={[Function]}
  onResponderGrant={[Function]}
  onResponderMove={[Function]}
  onResponderRelease={[Function]}
  onResponderTerminate={[Function]}
  onResponderTerminationRequest={[Function]}
  onStartShouldSetResponder={[Function]}
  style={
    Object {
      "alignItems": "center",
      "flexDirection": "row",
      "height": 46,
      "justifyContent": "space-between",
      "opacity": 1,
      "paddingLeft": 16,
      "paddingRight": 21,
      "width": 102,
    }
  }
>
  <Text
    style={
      Array [
        Object {
          "color": "#04142F",
          "fontFamily": "Roboto-Medium",
          "fontSize": 14,
          "letterSpacing": 0.16,
          "lineHeight": 22,
        },
        Object {
          "color": "white",
          "marginRight": 4,
        },
      ]
    }
  />
  <View>
    <Text
      style={
        Object {
          "color": "white",
          "fontFamily": "alldone",
          "fontSize": 24,
          "opacity": 1,
        }
      }
    >
      
    </Text>
  </View>
</View>
`;

exports[`NavigationBarPicker component NavigationBarPicker snapshot test should render correctly when is expanded 1`] = `
<View
  accessible={true}
  focusable={false}
  isTVSelectable={true}
  onClick={[Function]}
  onResponderGrant={[Function]}
  onResponderMove={[Function]}
  onResponderRelease={[Function]}
  onResponderTerminate={[Function]}
  onResponderTerminationRequest={[Function]}
  onStartShouldSetResponder={[Function]}
  style={
    Object {
      "alignItems": "center",
      "flexDirection": "row",
      "height": 46,
      "justifyContent": "space-between",
      "opacity": 1,
      "paddingLeft": 16,
      "paddingRight": 21,
      "width": 102,
    }
  }
>
  <Text
    style={
      Array [
        Object {
          "color": "#04142F",
          "fontFamily": "Roboto-Medium",
          "fontSize": 14,
          "letterSpacing": 0.16,
          "lineHeight": 22,
        },
        Object {
          "color": "white",
          "marginRight": 4,
        },
      ]
    }
  />
  <View>
    <Text
      style={
        Object {
          "color": "white",
          "fontFamily": "alldone",
          "fontSize": 24,
          "opacity": 1,
        }
      }
    >
      
    </Text>
  </View>
</View>
`;
