// Jest Snapshot v1, https://goo.gl/fbAQLP

exports[`ParsingTextInput component ParsingTextInput snapshot test should render correctly 1`] = `
<View
  style={
    Object {
      "flexDirection": "row",
    }
  }
>
  <View
    accessible={true}
    focusable={true}
    isTVSelectable={true}
    onClick={[Function]}
    onResponderGrant={[Function]}
    onResponderMove={[Function]}
    onResponderRelease={[Function]}
    onResponderTerminate={[Function]}
    onResponderTerminationRequest={[Function]}
    onStartShouldSetResponder={[Function]}
    style={
      Object {
        "flex": 1,
        "opacity": 1,
      }
    }
  >
    <RCTScrollView
      horizontal={true}
      showsHorizontalScrollIndicator={false}
      style={
        Object {
          "flex": 1,
        }
      }
    >
      <View>
        <View>
          <TextInput
            allowFontScaling={true}
            autoFocus={true}
            onChangeText={[Function]}
            onSubmitEditing={[Function]}
            rejectResponderTermination={true}
            selectionColor="transparent"
            style={
              Array [
                Object {
                  "color": "transparent",
                  "display": "flex",
                  "fontFamily": "Roboto-Regular",
                  "fontSize": 16,
                  "height": 40,
                  "letterSpacing": 0.32,
                  "paddingLeft": 16,
                  "position": "absolute",
                  "textAlignVertical": "center",
                  "top": -0.5,
                },
                Object {
                  "width": 0,
                },
                undefined,
                undefined,
              ]
            }
            underlineColorAndroid="transparent"
            value="Sample @mention #hashtag a@gmail.com http://link.com"
          />
          <Text
            onLayout={[Function]}
            style={
              Object {
                "color": "#04142F",
                "display": "flex",
                "flexDirection": "row",
                "fontFamily": "Roboto-Regular",
                "fontSize": 16,
                "letterSpacing": 0.32,
                "lineHeight": 24,
                "paddingLeft": 16,
                "paddingTop": 8,
              }
            }
          >
            <Text
              style={
                Object {
                  "color": "#04142F",
                  "fontFamily": "Roboto-Regular",
                  "fontSize": 16,
                  "letterSpacing": 0.32,
                  "lineHeight": 24,
                }
              }
            >
              Sample
            </Text>
            <Text>
               
            </Text>
            <Text
              style={
                Object {
                  "color": "#07A873",
                  "fontFamily": "Roboto-Regular",
                  "fontSize": 16,
                  "letterSpacing": 0.32,
                  "lineHeight": 24,
                }
              }
            >
              @mention
            </Text>
            <Text>
               
            </Text>
            <Text
              style={
                Object {
                  "color": "#702EE6",
                  "fontFamily": "Roboto-Regular",
                  "fontSize": 16,
                  "letterSpacing": 0.32,
                  "lineHeight": 24,
                }
              }
            >
              #hashtag
            </Text>
            <Text>
               
            </Text>
            <Text
              style={
                Object {
                  "color": "#F58E0A",
                  "fontFamily": "Roboto-Regular",
                  "fontSize": 16,
                  "letterSpacing": 0.32,
                  "lineHeight": 24,
                }
              }
            >
              a@gmail.com
            </Text>
            <Text>
               
            </Text>
            <Text
              style={
                Object {
                  "color": "#5AACFF",
                  "fontFamily": "Roboto-Regular",
                  "fontSize": 16,
                  "letterSpacing": 0.32,
                  "lineHeight": 24,
                }
              }
            >
              http://link.com
            </Text>
            <Text>
               
            </Text>
          </Text>
        </View>
      </View>
    </RCTScrollView>
  </View>
</View>
`;
