// Jest Snapshot v1, https://goo.gl/fbAQLP

exports[`OpenTasksView component Function updateState snapshot test should execute and render correctly 1`] = `
<View
  style={
    Array [
      Object {
        "backgroundColor": "white",
        "paddingHorizontal": 56,
      },
      undefined,
    ]
  }
/>
`;

exports[`OpenTasksView component Function updateState snapshot test should execute and render correctly 2`] = `
<View
  style={
    Array [
      Object {
        "backgroundColor": "white",
        "paddingHorizontal": 56,
      },
      undefined,
    ]
  }
/>
`;

exports[`OpenTasksView component OpenTasksView snapshot test should render correctly 1`] = `
<View
  style={
    Array [
      Object {
        "backgroundColor": "white",
        "paddingHorizontal": 56,
      },
      undefined,
    ]
  }
/>
`;
