// Jest Snapshot v1, https://goo.gl/fbAQLP

exports[`TaskTitle component TaskTitle snapshot test should render correctly 1`] = `
<View
  style={
    Array [
      Object {
        "flex": 1,
        "maxHeight": 800,
        "minHeight": 64,
        "overflow": "hidden",
      },
      Object {
        "maxHeight": 70,
      },
    ]
  }
>
  <View
    style={
      Object {
        "backgroundColor": "white",
        "height": 32,
      }
    }
  />
  <View
    style={
      Array [
        Object {
          "alignContent": "flex-start",
          "alignItems": "flex-start",
          "backgroundColor": "white",
          "flexDirection": "row",
          "justifyContent": "flex-start",
          "minHeight": 32,
          "overflow": "hidden",
        },
        Object {
          "top": 0,
        },
      ]
    }
  >
    <View
      onLayout={[Function]}
      pointerEvents="auto"
      style={
        Object {
          "flex": 1,
          "marginRight": 16,
        }
      }
    >
      <Text>
        dsa
      </Text>
    </View>
  </View>
</View>
`;
