// Jest Snapshot v1, https://goo.gl/fbAQLP

exports[`WorkflowModal should render correctly 1`] = `
<View
  style={
    Object {
      "marginBottom": 100,
      "marginTop": 200,
    }
  }
>
  <View
    style={
      Object {
        "flexDirection": "column",
        "width": 305,
      }
    }
  >
    <View
      style={
        Object {
          "backgroundColor": "#091540",
          "borderRadius": 4,
          "flexDirection": "column",
        }
      }
    >
      <View
        style={
          Object {
            "flexDirection": "row",
            "paddingLeft": 16,
            "paddingRight": 8,
            "paddingTop": 8,
          }
        }
      >
        <View
          style={
            Object {
              "flexDirection": "column",
              "marginTop": 8,
            }
          }
        >
          <Text
            style={
              Array [
                Object {
                  "color": "#04142F",
                  "fontFamily": "Roboto-Medium",
                  "fontSize": 18,
                  "lineHeight": 26,
                },
                Object {
                  "color": "white",
                },
              ]
            }
          >
            Congrats, you have done it!
          </Text>
          <Text
            style={
              Array [
                Object {
                  "color": "#04142F",
                  "fontFamily": "Roboto-Regular",
                  "fontSize": 14,
                  "letterSpacing": 0.32,
                  "lineHeight": 22,
                },
                Object {
                  "color": "#8A94A6",
                  "width": 273,
                },
              ]
            }
          >
            Below you have options this task related
          </Text>
        </View>
        <View
          style={
            Object {
              "position": "absolute",
              "right": 13,
              "top": 13,
            }
          }
        >
          <View
            accessible={true}
            focusable={true}
            isTVSelectable={true}
            onClick={[Function]}
            onResponderGrant={[Function]}
            onResponderMove={[Function]}
            onResponderRelease={[Function]}
            onResponderTerminate={[Function]}
            onResponderTerminationRequest={[Function]}
            onStartShouldSetResponder={[Function]}
            style={
              Object {
                "alignItems": "center",
                "justifyContent": "center",
                "opacity": 1,
              }
            }
          >
            <View>
              <Text
                style={
                  Object {
                    "color": "#8A94A6",
                    "fontFamily": "alldone",
                    "fontSize": 24,
                    "opacity": 1,
                  }
                }
              >
                
              </Text>
            </View>
          </View>
        </View>
      </View>
      <View
        style={
          Object {
            "marginTop": 20,
            "paddingHorizontal": 16,
          }
        }
      >
        <View
          style={
            Array [
              Object {
                "alignItems": "center",
                "flexDirection": "row",
                "marginHorizontal": -16,
                "paddingHorizontal": 16,
                "paddingVertical": 8,
              },
              Object {
                "flexDirection": "column",
              },
            ]
          }
        >
          <RNGestureHandlerButton
            collapsable={false}
            onGestureEvent={[Function]}
            onGestureHandlerEvent={[Function]}
            onGestureHandlerStateChange={[Function]}
            onHandlerStateChange={[Function]}
            rippleColor={0}
          >
            <View
              accessible={true}
              style={
                Object {
                  "alignItems": "center",
                  "flexDirection": "row",
                  "height": 40,
                  "opacity": 1,
                  "width": 273,
                }
              }
            >
              <View>
                <Text
                  style={
                    Object {
                      "color": "white",
                      "fontFamily": "alldone",
                      "fontSize": 24,
                      "opacity": 1,
                    }
                  }
                >
                  
                </Text>
              </View>
              <Text
                style={
                  Array [
                    Object {
                      "fontFamily": "Roboto-Medium",
                      "fontSize": 16,
                      "letterSpacing": 0.16,
                      "lineHeight": 24,
                    },
                    Object {
                      "color": "white",
                      "marginLeft": 8,
                    },
                  ]
                }
              >
                Add comment
              </Text>
              <View
                style={
                  Object {
                    "marginLeft": "auto",
                  }
                }
              >
                <View>
                  <Text
                    style={
                      Object {
                        "color": "#8A94A6",
                        "fontFamily": "alldone",
                        "fontSize": 24,
                        "opacity": 1,
                      }
                    }
                  >
                    
                  </Text>
                </View>
              </View>
            </View>
          </RNGestureHandlerButton>
        </View>
        <View
          style={
            Array [
              Object {
                "alignItems": "center",
                "flexDirection": "row",
                "marginHorizontal": -16,
                "paddingHorizontal": 16,
                "paddingVertical": 8,
              },
              Object {
                "borderTopColor": "rgba(255,255,255,0.2)",
                "borderTopWidth": 1,
              },
            ]
          }
        >
          <RNGestureHandlerButton
            collapsable={false}
            onGestureEvent={[Function]}
            onGestureHandlerEvent={[Function]}
            onGestureHandlerStateChange={[Function]}
            onHandlerStateChange={[Function]}
            rippleColor={0}
          >
            <View
              accessible={true}
              style={
                Object {
                  "alignItems": "center",
                  "flexDirection": "row",
                  "height": 40,
                  "opacity": 1,
                  "width": 273,
                }
              }
            >
              <View>
                <Text
                  style={
                    Object {
                      "color": "white",
                      "fontFamily": "alldone",
                      "fontSize": 24,
                      "opacity": 1,
                    }
                  }
                />
              </View>
              <Text
                style={
                  Array [
                    Object {
                      "fontFamily": "Roboto-Medium",
                      "fontSize": 16,
                      "letterSpacing": 0.16,
                      "lineHeight": 24,
                    },
                    Object {
                      "color": "white",
                      "marginLeft": 8,
                    },
                  ]
                }
              >
                Change task estimation
              </Text>
              <View
                style={
                  Object {
                    "marginLeft": "auto",
                  }
                }
              >
                <View>
                  <Text
                    style={
                      Object {
                        "color": "#8A94A6",
                        "fontFamily": "alldone",
                        "fontSize": 24,
                        "opacity": 1,
                      }
                    }
                  >
                    
                  </Text>
                </View>
              </View>
            </View>
          </RNGestureHandlerButton>
        </View>
        <View
          style={
            Object {
              "borderBottomColor": "rgba(255,255,255,0.2)",
              "borderBottomWidth": 1,
              "borderTopColor": "rgba(255,255,255,0.2)",
              "borderTopWidth": 1,
              "marginHorizontal": -16,
              "paddingHorizontal": 16,
              "paddingVertical": 8,
            }
          }
        >
          <RNGestureHandlerButton
            collapsable={false}
            onGestureEvent={[Function]}
            onGestureHandlerEvent={[Function]}
            onGestureHandlerStateChange={[Function]}
            onHandlerStateChange={[Function]}
            rippleColor={0}
          >
            <View
              accessible={true}
              style={
                Object {
                  "alignItems": "center",
                  "flexDirection": "row",
                  "height": 40,
                  "opacity": 1,
                  "width": 273,
                }
              }
            >
              <View>
                <Text
                  style={
                    Object {
                      "color": "white",
                      "fontFamily": "alldone",
                      "fontSize": 24,
                      "opacity": 1,
                    }
                  }
                >
                  
                </Text>
              </View>
              <Text
                style={
                  Array [
                    Object {
                      "fontFamily": "Roboto-Medium",
                      "fontSize": 16,
                      "letterSpacing": 0.16,
                      "lineHeight": 24,
                    },
                    Object {
                      "color": "white",
                      "marginLeft": 8,
                    },
                  ]
                }
              >
                Select next step
              </Text>
              <View
                style={
                  Object {
                    "marginLeft": "auto",
                  }
                }
              >
                <View>
                  <Text
                    style={
                      Object {
                        "color": "#8A94A6",
                        "fontFamily": "alldone",
                        "fontSize": 24,
                        "opacity": 1,
                      }
                    }
                  >
                    
                  </Text>
                </View>
              </View>
            </View>
          </RNGestureHandlerButton>
          <View
            style={
              Object {
                "alignSelf": "flex-start",
                "flexDirection": "row",
                "marginTop": 10,
              }
            }
          >
            <View
              style={
                Object {
                  "alignItems": "center",
                  "alignSelf": "flex-start",
                  "backgroundColor": "#E7ECEF",
                  "borderRadius": 12,
                  "flexDirection": "row",
                  "height": 24,
                }
              }
            >
              <View
                style={
                  Object {
                    "marginLeft": 5.33,
                    "marginRight": 7.33,
                  }
                }
              >
                <Text
                  style={
                    Object {
                      "color": "#8A94A6",
                      "fontFamily": "alldone",
                      "fontSize": 16,
                      "opacity": 1,
                    }
                  }
                />
              </View>
              <Text
                style={
                  Array [
                    Object {
                      "color": "#04142F",
                      "fontFamily": "Roboto-Medium",
                      "fontSize": 14,
                      "letterSpacing": 0.16,
                      "lineHeight": 22,
                    },
                    Object {
                      "color": "#8A94A6",
                      "marginRight": 14.67,
                    },
                  ]
                }
              >
                Open
              </Text>
            </View>
          </View>
        </View>
        <View
          style={
            Object {
              "alignItems": "center",
              "flexDirection": "row",
              "height": 72,
              "justifyContent": "center",
              "paddingTop": 16,
            }
          }
        >
          <View
            accessible={true}
            focusable={true}
            isTVSelectable={true}
            onClick={[Function]}
            onResponderGrant={[Function]}
            onResponderMove={[Function]}
            onResponderRelease={[Function]}
            onResponderTerminate={[Function]}
            onResponderTerminationRequest={[Function]}
            onStartShouldSetResponder={[Function]}
            style={
              Object {
                "alignItems": "center",
                "alignSelf": "flex-start",
                "backgroundColor": "#0D55CF",
                "borderRadius": 4,
                "flexDirection": "row",
                "flexWrap": "nowrap",
                "height": 40,
                "justifyContent": "center",
                "maxHeight": 40,
                "minHeight": 40,
                "opacity": 1,
                "paddingHorizontal": 16,
                "paddingVertical": 8,
              }
            }
          >
            <Text
              numberOfLines={1}
              style={
                Array [
                  Object {
                    "alignSelf": "center",
                    "color": "#FFFFFF",
                    "flexWrap": "nowrap",
                    "fontFamily": "Roboto-Medium",
                    "fontSize": 14,
                    "letterSpacing": 0.8,
                    "lineHeight": 16,
                    "margin": 0,
                    "paddingHorizontal": 8,
                    "paddingVertical": 0,
                  },
                  Object {
                    "color": "#ffffff",
                  },
                  Object {},
                ]
              }
            >
              Go to next step
            </Text>
          </View>
        </View>
      </View>
    </View>
  </View>
</View>
`;
