// Jest Snapshot v1, https://goo.gl/fbAQLP

exports[`ImpressumLink component ImpressumLink snapshot test should render correctly 1`] = `
<View
  accessible={true}
  focusable={true}
  isTVSelectable={true}
  onClick={[Function]}
  onResponderGrant={[Function]}
  onResponderMove={[Function]}
  onResponderRelease={[Function]}
  onResponderTerminate={[Function]}
  onResponderTerminationRequest={[Function]}
  onStartShouldSetResponder={[Function]}
  style={
    Object {
      "opacity": 1,
    }
  }
>
  <View
    style={
      Object {
        "alignItems": "center",
        "flexDirection": "row",
        "height": 48,
        "paddingHorizontal": 24,
        "width": "100%",
      }
    }
  >
    <Text
      style={
        Array [
          Object {
            "color": "#04142F",
            "fontFamily": "Roboto-Regular",
            "fontSize": 14,
            "letterSpacing": 0.32,
            "lineHeight": 22,
          },
          Object {
            "color": "#FFFFFF",
            "opacity": 0.4,
          },
        ]
      }
    >
      Impressum
    </Text>
  </View>
</View>
`;
